$ help
GNU bash, version 4.4.19(2)-release (x86_64-pc-msys)
These shell commands are defined internally.  Type `help' to see this list.
Type `help name' to find out more about the function `name'.
Use `info bash' to find out more about the shell in general.
Use `man -k' or `info' to find out more about commands not in this list.

A star (*) next to a name means that the command is disabled.

 job_spec [&]                                                history [-c] [-d offset] [n] or history -anrw [filename]>
 (( expression ))                                            if COMMANDS; then COMMANDS; [ elif COMMANDS; then COMMAN>
 . filename [arguments]                                      jobs [-lnprs] [jobspec ...] or jobs -x command [args]
 :                                                           kill [-s sigspec | -n signum | -sigspec] pid | jobspec .>
 [ arg... ]                                                  let arg [arg ...]
 [[ expression ]]                                            local [option] name[=value] ...
 alias [-p] [name[=value] ... ]                              logout [n]
 bg [job_spec ...]                                           mapfile [-d delim] [-n count] [-O origin] [-s count] [-t>
 bind [-lpsvPSVX] [-m keymap] [-f filename] [-q name] [-u >  popd [-n] [+N | -N]
 break [n]                                                   printf [-v var] format [arguments]
 builtin [shell-builtin [arg ...]]                           pushd [-n] [+N | -N | dir]
 caller [expr]                                               pwd [-LPW]
 case WORD in [PATTERN [| PATTERN]...) COMMANDS ;;]... esa>  read [-ers] [-a array] [-d delim] [-i text] [-n nchars] >
 cd [-L|[-P [-e]] [-@]] [dir]                                readarray [-n count] [-O origin] [-s count] [-t] [-u fd]>
 command [-pVv] command [arg ...]                            readonly [-aAf] [name[=value] ...] or readonly -p
 compgen [-abcdefgjksuv] [-o option] [-A action] [-G globp>  return [n]
 complete [-abcdefgjksuv] [-pr] [-DE] [-o option] [-A acti>  select NAME [in WORDS ... ;] do COMMANDS; done
 compopt [-o|+o option] [-DE] [name ...]                     set [-abefhkmnptuvxBCHP] [-o option-name] [--] [arg ...]
 continue [n]                                                shift [n]
 coproc [NAME] command [redirections]                        shopt [-pqsu] [-o] [optname ...]
 declare [-aAfFgilnrtux] [-p] [name[=value] ...]             source filename [arguments]
 dirs [-clpv] [+N] [-N]                                      suspend [-f]
 disown [-h] [-ar] [jobspec ... | pid ...]                   test [expr]
 echo [-neE] [arg ...]                                       time [-p] pipeline
 enable [-a] [-dnps] [-f filename] [name ...]                times
 eval [arg ...]                                              trap [-lp] [[arg] signal_spec ...]
 exec [-cl] [-a name] [command [arguments ...]] [redirecti>  true
 exit [n]                                                    type [-afptP] name [name ...]
 export [-fn] [name[=value] ...] or export -p                typeset [-aAfFgilnrtux] [-p] name[=value] ...
 false                                                       ulimit [-SHabcdefiklmnpqrstuvxPT] [limit]
 fc [-e ename] [-lnr] [first] [last] or fc -s [pat=rep] [c>  umask [-p] [-S] [mode]
 fg [job_spec]                                               unalias [-a] name [name ...]
 for NAME [in WORDS ... ] ; do COMMANDS; done                unset [-f] [-v] [-n] [name ...]
 for (( exp1; exp2; exp3 )); do COMMANDS; done               until COMMANDS; do COMMANDS; done
 function name { COMMANDS ; } or name () { COMMANDS ; }      variables - Names and meanings of some shell variables
 getopts optstring name [arg]                                wait [-n] [id ...]
 hash [-lr] [-p pathname] [-dt] [name ...]                   while COMMANDS; do COMMANDS; done
 help [-dms] [pattern ...]                                   { COMMANDS ; }

Hunter@DESKTOP-7FSI6QG MINGW64 ~
$ cd

Hunter@DESKTOP-7FSI6QG MINGW64 ~
$ ls
'3D Objects'/             ntuser.dat.LOG1
 AppData/                 ntuser.dat.LOG2
'Application Data'@       NTUSER.DAT{3276c7c1-68b0-11e8-a4ef-509a4cb4b37a}.TM.blf
 coffeelint.json          NTUSER.DAT{3276c7c1-68b0-11e8-a4ef-509a4cb4b37a}.TMContainer00000000000000000001.regtrans-ms
 Contacts/                NTUSER.DAT{3276c7c1-68b0-11e8-a4ef-509a4cb4b37a}.TMContainer00000000000000000002.regtrans-ms
 Cookies@                 ntuser.ini
 cplus                    OneDrive/
 Desktop/                 Pictures/
 Documents/               PrintHood@
 Downloads/               Recent@
 Favorites/               Roaming/
 IntelGraphicsProfiles/  'Saved Games'/
 Links/                   Searches/
'Local Settings'@         SendTo@
 MicrosoftEdgeBackups/    source/
 Music/                  'Start Menu'@
'My Documents'@           Templates@
 NetHood@                 tslint.json
 NTUSER.DAT               Videos/

Hunter@DESKTOP-7FSI6QG MINGW64 ~
$ cd cookies@
bash: cd: cookies@: No such file or directory

Hunter@DESKTOP-7FSI6QG MINGW64 ~
$ ld
bash: ld: command not found

Hunter@DESKTOP-7FSI6QG MINGW64 ~
$ dir
3D\ Objects            ntuser.dat.LOG1
AppData                ntuser.dat.LOG2
Application\ Data      NTUSER.DAT{3276c7c1-68b0-11e8-a4ef-509a4cb4b37a}.TM.blf
coffeelint.json        NTUSER.DAT{3276c7c1-68b0-11e8-a4ef-509a4cb4b37a}.TMContainer00000000000000000001.regtrans-ms
Contacts               NTUSER.DAT{3276c7c1-68b0-11e8-a4ef-509a4cb4b37a}.TMContainer00000000000000000002.regtrans-ms
Cookies                ntuser.ini
cplus                  OneDrive
Desktop                Pictures
Documents              PrintHood
Downloads              Recent
Favorites              Roaming
IntelGraphicsProfiles  Saved\ Games
Links                  Searches
Local\ Settings        SendTo
MicrosoftEdgeBackups   source
Music                  Start\ Menu
My\ Documents          Templates
NetHood                tslint.json
NTUSER.DAT             Videos

Hunter@DESKTOP-7FSI6QG MINGW64 ~
$ dir -s
total 5725
   0 3D\ Objects
   0 AppData
   0 Application\ Data
   4 coffeelint.json
   0 Contacts
   0 Cookies
   0 cplus
  16 Desktop
   4 Documents
   8 Downloads
   0 Favorites
   4 IntelGraphicsProfiles
   0 Links
   0 Local\ Settings
   0 MicrosoftEdgeBackups
   0 Music
   0 My\ Documents
   0 NetHood
3072 NTUSER.DAT
 940 ntuser.dat.LOG1
 576 ntuser.dat.LOG2
  64 NTUSER.DAT{3276c7c1-68b0-11e8-a4ef-509a4cb4b37a}.TM.blf
 512 NTUSER.DAT{3276c7c1-68b0-11e8-a4ef-509a4cb4b37a}.TMContainer00000000000000000001.regtrans-ms
 512 NTUSER.DAT{3276c7c1-68b0-11e8-a4ef-509a4cb4b37a}.TMContainer00000000000000000002.regtrans-ms
   1 ntuser.ini
   0 OneDrive
   4 Pictures
   0 PrintHood
   0 Recent
   0 Roaming
   0 Saved\ Games
   4 Searches
   0 SendTo
   0 source
   0 Start\ Menu
   0 Templates
   4 tslint.json
   0 Videos

Hunter@DESKTOP-7FSI6QG MINGW64 ~
$	host 	name 	what is MINGwin64? am i on the correct shell? 
is this like cygwin? 

